<?xml version="1.0" encoding="utf-8"?><testsuites><testsuite name="pytest" errors="0" failures="0" skipped="0" tests="0" time="0.084" timestamp="2025-09-25T13:15:20.274493" hostname="Rosh" /></testsuites>